Bosak XPath 3.1 Conformance Harness
Catalog: ../qt3tests\catalog.xml

Discovered 428 test sets.
  Starting: fn-abs ...
  Done: fn-abs (188 tests total)
  Starting: fn-adjust-date-to-timezone ...
  Done: fn-adjust-date-to-timezone (229 tests total)
  Starting: fn-adjust-dateTime-to-timezone ...
  Done: fn-adjust-dateTime-to-timezone (277 tests total)
  Starting: fn-adjust-time-to-timezone ...
  Done: fn-adjust-time-to-timezone (319 tests total)
  Starting: fn-analyze-string ...
  Done: fn-analyze-string (353 tests total)
  Starting: fn-apply ...
  Done: fn-apply (370 tests total)
  Starting: fn-available-environment-variables ...
  Done: fn-available-environment-variables (381 tests total)
  Starting: fn-avg ...
  Done: fn-avg (620 tests total)
  Starting: fn-base-uri ...
  Done: fn-base-uri (702 tests total)
  Starting: fn-boolean ...
  Done: fn-boolean (845 tests total)
  Starting: fn-ceiling ...
  Done: fn-ceiling (939 tests total)
  Starting: fn-codepoint-equal ...
  Done: fn-codepoint-equal (975 tests total)
  Starting: fn-codepoints-to-string ...
